2025-10-14 06:52:37 - __main__ - INFO - Starting Standard ESRGAN training
2025-10-14 06:52:37 - __main__ - INFO - Config: config/standard_esrgan.yaml
2025-10-14 06:55:32 - __main__ - INFO - Starting Standard ESRGAN training
2025-10-14 06:55:32 - __main__ - INFO - Config: config/standard_esrgan.yaml
2025-10-14 06:55:32 - __main__ - INFO - Using device: cuda
2025-10-14 06:57:17 - __main__ - INFO - Starting Standard ESRGAN training
2025-10-14 06:57:17 - __main__ - INFO - Config: config/standard_esrgan.yaml
2025-10-14 06:57:17 - __main__ - INFO - Using device: cuda
2025-10-14 07:01:03 - __main__ - INFO - Starting Standard ESRGAN training
2025-10-14 07:01:03 - __main__ - INFO - Config: config/standard_esrgan.yaml
2025-10-14 07:01:03 - __main__ - INFO - Using device: cuda
2025-10-14 07:01:03 - data.dataset - INFO - 
Dataset: Training
2025-10-14 07:01:03 - data.dataset - INFO - Total images: 5712
2025-10-14 07:01:03 - data.dataset - INFO -   glioma: 1321
2025-10-14 07:01:03 - data.dataset - INFO -   meningioma: 1339
2025-10-14 07:01:03 - data.dataset - INFO -   notumor: 1595
2025-10-14 07:01:03 - data.dataset - INFO -   pituitary: 1457
2025-10-14 07:01:04 - data.dataset - INFO - 
Dataset: Testing
2025-10-14 07:01:04 - data.dataset - INFO - Total images: 1311
2025-10-14 07:01:04 - data.dataset - INFO -   glioma: 300
2025-10-14 07:01:04 - data.dataset - INFO -   meningioma: 306
2025-10-14 07:01:04 - data.dataset - INFO -   notumor: 405
2025-10-14 07:01:04 - data.dataset - INFO -   pituitary: 300
2025-10-14 07:01:04 - __main__ - INFO - Training samples: 5712
2025-10-14 07:01:04 - __main__ - INFO - Testing samples: 1311
2025-10-14 07:01:04 - __main__ - INFO - Generator parameters: 1,469,957
2025-10-14 07:01:04 - __main__ - INFO - Discriminator parameters: 6,273,921
2025-10-14 07:01:20 - __main__ - INFO - 
==================================================
2025-10-14 07:01:20 - __main__ - INFO - Epoch 1/50
2025-10-14 07:01:20 - __main__ - INFO - ==================================================
2025-10-14 07:02:07 - __main__ - INFO - Train - G Loss: 0.8781 | D Loss: 0.6188
2025-10-14 07:02:16 - __main__ - INFO - Val - SSIM: 0.8597 | PSNR: 24.37
2025-10-14 07:02:16 - __main__ - INFO - New best SSIM: 0.8597
2025-10-14 07:02:16 - trainers.esrgan_trainer - INFO - Saved best ESRGAN model
2025-10-14 07:02:16 - __main__ - INFO - 
==================================================
2025-10-14 07:02:16 - __main__ - INFO - Epoch 2/50
2025-10-14 07:02:16 - __main__ - INFO - ==================================================
2025-10-14 07:03:03 - __main__ - INFO - Train - G Loss: 0.7314 | D Loss: 0.6936
2025-10-14 07:03:11 - __main__ - INFO - Val - SSIM: 0.8631 | PSNR: 24.80
2025-10-14 07:03:11 - __main__ - INFO - New best SSIM: 0.8631
2025-10-14 07:03:11 - trainers.esrgan_trainer - INFO - Saved best ESRGAN model
2025-10-14 07:03:11 - __main__ - INFO - 
==================================================
2025-10-14 07:03:11 - __main__ - INFO - Epoch 3/50
2025-10-14 07:03:11 - __main__ - INFO - ==================================================
2025-10-14 07:03:57 - __main__ - INFO - Train - G Loss: 0.7264 | D Loss: 0.6931
2025-10-14 07:04:05 - __main__ - INFO - Val - SSIM: 0.8724 | PSNR: 25.41
2025-10-14 07:04:05 - __main__ - INFO - New best SSIM: 0.8724
2025-10-14 07:04:06 - trainers.esrgan_trainer - INFO - Saved best ESRGAN model
2025-10-14 07:04:06 - __main__ - INFO - 
==================================================
2025-10-14 07:04:06 - __main__ - INFO - Epoch 4/50
2025-10-14 07:04:06 - __main__ - INFO - ==================================================
2025-10-14 07:04:52 - __main__ - INFO - Train - G Loss: 0.7403 | D Loss: 0.6988
2025-10-14 07:05:00 - __main__ - INFO - Val - SSIM: 0.8591 | PSNR: 24.41
2025-10-14 07:05:00 - __main__ - INFO - 
==================================================
2025-10-14 07:05:00 - __main__ - INFO - Epoch 5/50
2025-10-14 07:05:00 - __main__ - INFO - ==================================================
2025-10-14 07:05:46 - __main__ - INFO - Train - G Loss: 0.7270 | D Loss: 0.6931
2025-10-14 07:05:54 - __main__ - INFO - Val - SSIM: 0.8736 | PSNR: 25.48
2025-10-14 07:05:54 - __main__ - INFO - New best SSIM: 0.8736
2025-10-14 07:05:55 - trainers.esrgan_trainer - INFO - Saved best ESRGAN model
2025-10-14 07:05:55 - __main__ - INFO - 
==================================================
2025-10-14 07:05:55 - __main__ - INFO - Epoch 6/50
2025-10-14 07:05:55 - __main__ - INFO - ==================================================
2025-10-14 07:06:41 - __main__ - INFO - Train - G Loss: 0.7246 | D Loss: 0.6932
2025-10-14 07:06:49 - __main__ - INFO - Val - SSIM: 0.8769 | PSNR: 25.81
2025-10-14 07:06:49 - __main__ - INFO - New best SSIM: 0.8769
2025-10-14 07:06:49 - trainers.esrgan_trainer - INFO - Saved best ESRGAN model
2025-10-14 07:06:49 - __main__ - INFO - 
==================================================
2025-10-14 07:06:49 - __main__ - INFO - Epoch 7/50
2025-10-14 07:06:49 - __main__ - INFO - ==================================================
2025-10-14 07:07:36 - __main__ - INFO - Train - G Loss: 0.7238 | D Loss: 0.6932
2025-10-14 07:07:44 - __main__ - INFO - Val - SSIM: 0.8801 | PSNR: 26.10
2025-10-14 07:07:44 - __main__ - INFO - New best SSIM: 0.8801
2025-10-14 07:07:44 - trainers.esrgan_trainer - INFO - Saved best ESRGAN model
2025-10-14 07:07:44 - __main__ - INFO - 
==================================================
2025-10-14 07:07:44 - __main__ - INFO - Epoch 8/50
2025-10-14 07:07:44 - __main__ - INFO - ==================================================
2025-10-14 07:08:30 - __main__ - INFO - Train - G Loss: 0.7355 | D Loss: 0.6936
2025-10-14 07:08:38 - __main__ - INFO - Val - SSIM: 0.8752 | PSNR: 25.62
2025-10-14 07:08:38 - __main__ - INFO - 
==================================================
2025-10-14 07:08:38 - __main__ - INFO - Epoch 9/50
2025-10-14 07:08:38 - __main__ - INFO - ==================================================
2025-10-14 07:09:25 - __main__ - INFO - Train - G Loss: 0.7252 | D Loss: 0.6937
2025-10-14 07:09:32 - __main__ - INFO - Val - SSIM: 0.8508 | PSNR: 23.55
2025-10-14 07:09:33 - __main__ - INFO - 
==================================================
2025-10-14 07:09:33 - __main__ - INFO - Epoch 10/50
2025-10-14 07:09:33 - __main__ - INFO - ==================================================
2025-10-14 07:10:19 - __main__ - INFO - Train - G Loss: 0.7353 | D Loss: 0.6949
2025-10-14 07:10:27 - __main__ - INFO - Val - SSIM: 0.8753 | PSNR: 25.66
2025-10-14 07:10:27 - __main__ - INFO - 
==================================================
2025-10-14 07:10:27 - __main__ - INFO - Epoch 11/50
2025-10-14 07:10:27 - __main__ - INFO - ==================================================
2025-10-14 07:11:13 - __main__ - INFO - Train - G Loss: 0.7242 | D Loss: 0.6932
2025-10-14 07:11:21 - __main__ - INFO - Val - SSIM: 0.8778 | PSNR: 25.97
2025-10-14 07:11:21 - __main__ - INFO - 
==================================================
2025-10-14 07:11:21 - __main__ - INFO - Epoch 12/50
2025-10-14 07:11:21 - __main__ - INFO - ==================================================
2025-10-14 07:12:08 - __main__ - INFO - Train - G Loss: 0.7235 | D Loss: 0.6932
2025-10-14 07:12:16 - __main__ - INFO - Val - SSIM: 0.8534 | PSNR: 24.65
2025-10-14 07:12:16 - __main__ - INFO - 
==================================================
2025-10-14 07:12:16 - __main__ - INFO - Epoch 13/50
2025-10-14 07:12:16 - __main__ - INFO - ==================================================
2025-10-14 07:13:02 - __main__ - INFO - Train - G Loss: 0.7309 | D Loss: 0.6933
2025-10-14 07:13:10 - __main__ - INFO - Val - SSIM: 0.8338 | PSNR: 22.09
2025-10-14 07:13:10 - __main__ - INFO - 
==================================================
2025-10-14 07:13:10 - __main__ - INFO - Epoch 14/50
2025-10-14 07:13:10 - __main__ - INFO - ==================================================
2025-10-14 07:13:56 - __main__ - INFO - Train - G Loss: 0.7788 | D Loss: 0.6820
2025-10-14 07:14:04 - __main__ - INFO - Val - SSIM: 0.8667 | PSNR: 25.05
2025-10-14 07:14:05 - __main__ - INFO - 
==================================================
2025-10-14 07:14:05 - __main__ - INFO - Epoch 15/50
2025-10-14 07:14:05 - __main__ - INFO - ==================================================
2025-10-14 07:14:51 - __main__ - INFO - Train - G Loss: 0.7430 | D Loss: 0.6909
2025-10-14 07:14:59 - __main__ - INFO - Val - SSIM: 0.7985 | PSNR: 22.97
2025-10-14 07:14:59 - __main__ - INFO - 
==================================================
2025-10-14 07:14:59 - __main__ - INFO - Epoch 16/50
2025-10-14 07:14:59 - __main__ - INFO - ==================================================
2025-10-14 07:15:45 - __main__ - INFO - Train - G Loss: 0.7734 | D Loss: 0.6746
2025-10-14 07:15:53 - __main__ - INFO - Val - SSIM: 0.8647 | PSNR: 25.34
2025-10-14 07:15:53 - __main__ - INFO - 
==================================================
2025-10-14 07:15:53 - __main__ - INFO - Epoch 17/50
2025-10-14 07:15:53 - __main__ - INFO - ==================================================
2025-10-14 07:16:40 - __main__ - INFO - Train - G Loss: 0.7593 | D Loss: 0.6810
2025-10-14 07:16:48 - __main__ - INFO - Val - SSIM: 0.8227 | PSNR: 23.55
2025-10-14 07:16:48 - trainers.base_trainer - INFO - Early stopping triggered after 10 epochs without improvement
2025-10-14 07:16:48 - __main__ - INFO - Early stopping triggered
2025-10-14 07:16:48 - __main__ - INFO - 
Training completed!
2025-10-14 07:16:48 - __main__ - INFO - Best SSIM: 0.8801
2025-10-14 16:54:24 - __main__ - INFO - Starting Standard ESRGAN training
2025-10-14 16:54:24 - __main__ - INFO - Config: config/standard_esrgan.yaml
2025-10-14 16:54:24 - __main__ - INFO - Using device: cuda
2025-10-14 16:56:10 - data.dataset - INFO - 
Dataset: Training
2025-10-14 16:56:10 - data.dataset - INFO - Total images: 5712
2025-10-14 16:56:10 - data.dataset - INFO -   glioma: 1321
2025-10-14 16:56:10 - data.dataset - INFO -   meningioma: 1339
2025-10-14 16:56:10 - data.dataset - INFO -   notumor: 1595
2025-10-14 16:56:10 - data.dataset - INFO -   pituitary: 1457
2025-10-14 16:56:37 - data.dataset - INFO - 
Dataset: Testing
2025-10-14 16:56:37 - data.dataset - INFO - Total images: 1311
2025-10-14 16:56:37 - data.dataset - INFO -   glioma: 300
2025-10-14 16:56:37 - data.dataset - INFO -   meningioma: 306
2025-10-14 16:56:37 - data.dataset - INFO -   notumor: 405
2025-10-14 16:56:37 - data.dataset - INFO -   pituitary: 300
2025-10-14 16:56:38 - __main__ - INFO - Training samples: 5712
2025-10-14 16:56:38 - __main__ - INFO - Testing samples: 1311
2025-10-14 16:56:38 - __main__ - INFO - Generator parameters: 1,469,957
2025-10-14 16:56:38 - __main__ - INFO - Discriminator parameters: 6,273,921
2025-10-14 16:56:39 - __main__ - INFO - 
==================================================
2025-10-14 16:56:39 - __main__ - INFO - Epoch 1/50
2025-10-14 16:56:39 - __main__ - INFO - ==================================================
2025-10-14 16:57:26 - __main__ - INFO - Train - G Loss: 1.0324 | D Loss: 0.5485
2025-10-14 16:57:34 - __main__ - INFO - Val - SSIM: 0.8596 | PSNR: 24.49
2025-10-14 16:57:34 - __main__ - INFO - New best SSIM: 0.8596
2025-10-14 16:57:34 - trainers.esrgan_trainer - INFO - Saved best ESRGAN model
2025-10-14 16:57:34 - __main__ - INFO - 
==================================================
2025-10-14 16:57:34 - __main__ - INFO - Epoch 2/50
2025-10-14 16:57:34 - __main__ - INFO - ==================================================
2025-10-14 16:58:19 - __main__ - INFO - Train - G Loss: 0.7659 | D Loss: 0.6775
2025-10-14 16:58:27 - __main__ - INFO - Val - SSIM: 0.8364 | PSNR: 23.18
2025-10-14 16:58:27 - __main__ - INFO - 
==================================================
2025-10-14 16:58:27 - __main__ - INFO - Epoch 3/50
2025-10-14 16:58:27 - __main__ - INFO - ==================================================
2025-10-14 16:59:15 - __main__ - INFO - Train - G Loss: 0.8493 | D Loss: 0.6333
2025-10-14 16:59:22 - __main__ - INFO - Val - SSIM: 0.7150 | PSNR: 15.80
2025-10-14 16:59:22 - __main__ - INFO - 
==================================================
2025-10-14 16:59:22 - __main__ - INFO - Epoch 4/50
2025-10-14 16:59:22 - __main__ - INFO - ==================================================
2025-10-14 17:00:08 - __main__ - INFO - Train - G Loss: 0.7923 | D Loss: 0.6651
2025-10-14 17:00:16 - __main__ - INFO - Val - SSIM: 0.7431 | PSNR: 20.56
2025-10-14 17:00:16 - __main__ - INFO - 
==================================================
2025-10-14 17:00:16 - __main__ - INFO - Epoch 5/50
2025-10-14 17:00:16 - __main__ - INFO - ==================================================
2025-10-14 17:01:02 - __main__ - INFO - Train - G Loss: 0.7665 | D Loss: 0.6787
2025-10-14 17:01:09 - __main__ - INFO - Val - SSIM: 0.8372 | PSNR: 23.61
2025-10-14 17:01:10 - __main__ - INFO - 
==================================================
2025-10-14 17:01:10 - __main__ - INFO - Epoch 6/50
2025-10-14 17:01:10 - __main__ - INFO - ==================================================
2025-10-14 17:01:56 - __main__ - INFO - Train - G Loss: 0.7938 | D Loss: 0.6640
2025-10-14 17:02:04 - __main__ - INFO - Val - SSIM: 0.8674 | PSNR: 25.03
2025-10-14 17:02:04 - __main__ - INFO - New best SSIM: 0.8674
2025-10-14 17:02:05 - trainers.esrgan_trainer - INFO - Saved best ESRGAN model
2025-10-14 17:02:05 - __main__ - INFO - 
==================================================
2025-10-14 17:02:05 - __main__ - INFO - Epoch 7/50
2025-10-14 17:02:05 - __main__ - INFO - ==================================================
2025-10-14 17:02:52 - __main__ - INFO - Train - G Loss: 0.7262 | D Loss: 0.6931
2025-10-14 17:02:59 - __main__ - INFO - Val - SSIM: 0.8725 | PSNR: 25.54
2025-10-14 17:02:59 - __main__ - INFO - New best SSIM: 0.8725
2025-10-14 17:02:59 - trainers.esrgan_trainer - INFO - Saved best ESRGAN model
2025-10-14 17:02:59 - __main__ - INFO - 
==================================================
2025-10-14 17:02:59 - __main__ - INFO - Epoch 8/50
2025-10-14 17:02:59 - __main__ - INFO - ==================================================
2025-10-14 17:03:45 - __main__ - INFO - Train - G Loss: 0.8192 | D Loss: 0.6515
2025-10-14 17:03:52 - __main__ - INFO - Val - SSIM: 0.8670 | PSNR: 24.96
2025-10-14 17:03:52 - __main__ - INFO - 
==================================================
2025-10-14 17:03:52 - __main__ - INFO - Epoch 9/50
2025-10-14 17:03:52 - __main__ - INFO - ==================================================
2025-10-14 17:04:37 - __main__ - INFO - Train - G Loss: 0.7311 | D Loss: 0.6934
2025-10-14 17:04:44 - __main__ - INFO - Val - SSIM: 0.8694 | PSNR: 25.19
2025-10-14 17:04:44 - __main__ - INFO - 
==================================================
2025-10-14 17:04:44 - __main__ - INFO - Epoch 10/50
2025-10-14 17:04:44 - __main__ - INFO - ==================================================
2025-10-14 17:05:29 - __main__ - INFO - Train - G Loss: 0.7290 | D Loss: 0.6927
2025-10-14 17:05:37 - __main__ - INFO - Val - SSIM: 0.8715 | PSNR: 25.30
2025-10-14 17:05:37 - __main__ - INFO - 
==================================================
2025-10-14 17:05:37 - __main__ - INFO - Epoch 11/50
2025-10-14 17:05:37 - __main__ - INFO - ==================================================
2025-10-14 17:06:22 - __main__ - INFO - Train - G Loss: 0.8012 | D Loss: 0.6647
2025-10-14 17:06:29 - __main__ - INFO - Val - SSIM: 0.8128 | PSNR: 18.84
2025-10-14 17:06:30 - __main__ - INFO - 
==================================================
2025-10-14 17:06:30 - __main__ - INFO - Epoch 12/50
2025-10-14 17:06:30 - __main__ - INFO - ==================================================
2025-10-14 17:07:16 - __main__ - INFO - Train - G Loss: 0.7646 | D Loss: 0.6823
2025-10-14 17:07:23 - __main__ - INFO - Val - SSIM: 0.8584 | PSNR: 24.53
2025-10-14 17:07:23 - __main__ - INFO - 
==================================================
2025-10-14 17:07:23 - __main__ - INFO - Epoch 13/50
2025-10-14 17:07:23 - __main__ - INFO - ==================================================
2025-10-14 17:08:09 - __main__ - INFO - Train - G Loss: 0.8033 | D Loss: 0.6562
2025-10-14 17:08:17 - __main__ - INFO - Val - SSIM: 0.8657 | PSNR: 24.81
2025-10-14 17:08:17 - __main__ - INFO - 
==================================================
2025-10-14 17:08:17 - __main__ - INFO - Epoch 14/50
2025-10-14 17:08:17 - __main__ - INFO - ==================================================
2025-10-14 17:09:04 - __main__ - INFO - Train - G Loss: 0.9885 | D Loss: 0.5598
2025-10-14 17:09:12 - __main__ - INFO - Val - SSIM: 0.7514 | PSNR: 15.35
2025-10-14 17:09:12 - __main__ - INFO - 
==================================================
2025-10-14 17:09:12 - __main__ - INFO - Epoch 15/50
2025-10-14 17:09:12 - __main__ - INFO - ==================================================
2025-10-14 17:09:58 - __main__ - INFO - Train - G Loss: 1.0291 | D Loss: 0.5389
2025-10-14 17:10:05 - __main__ - INFO - Val - SSIM: 0.8237 | PSNR: 22.01
2025-10-14 17:10:05 - __main__ - INFO - 
==================================================
2025-10-14 17:10:05 - __main__ - INFO - Epoch 16/50
2025-10-14 17:10:05 - __main__ - INFO - ==================================================
2025-10-14 17:10:52 - __main__ - INFO - Train - G Loss: 1.2844 | D Loss: 0.3583
2025-10-14 17:10:59 - __main__ - INFO - Val - SSIM: 0.8681 | PSNR: 25.06
2025-10-14 17:10:59 - __main__ - INFO - 
==================================================
2025-10-14 17:10:59 - __main__ - INFO - Epoch 17/50
2025-10-14 17:10:59 - __main__ - INFO - ==================================================
2025-10-14 17:11:45 - __main__ - INFO - Train - G Loss: 0.9901 | D Loss: 0.5349
2025-10-14 17:11:52 - __main__ - INFO - Val - SSIM: 0.8721 | PSNR: 25.39
2025-10-14 17:11:52 - trainers.base_trainer - INFO - Early stopping triggered after 10 epochs without improvement
2025-10-14 17:11:52 - __main__ - INFO - Early stopping triggered
2025-10-14 17:11:52 - __main__ - INFO - 
Training completed!
2025-10-14 17:11:52 - __main__ - INFO - Best SSIM: 0.8725
