2025-10-14 07:20:14 - __main__ - INFO - Starting Task-Aware ESRGAN training
2025-10-14 07:20:14 - __main__ - INFO - Config: config/taskaware_esrgan.yaml
2025-10-14 07:20:14 - __main__ - INFO - Using device: cuda
2025-10-14 07:20:14 - __main__ - INFO - Loaded classifier from results/models/checkpoint_best.pth
2025-10-14 07:20:15 - data.dataset - INFO - 
Dataset: Training
2025-10-14 07:20:15 - data.dataset - INFO - Total images: 5712
2025-10-14 07:20:15 - data.dataset - INFO -   glioma: 1321
2025-10-14 07:20:15 - data.dataset - INFO -   meningioma: 1339
2025-10-14 07:20:15 - data.dataset - INFO -   notumor: 1595
2025-10-14 07:20:15 - data.dataset - INFO -   pituitary: 1457
2025-10-14 07:20:15 - data.dataset - INFO - 
Dataset: Testing
2025-10-14 07:20:15 - data.dataset - INFO - Total images: 1311
2025-10-14 07:20:15 - data.dataset - INFO -   glioma: 300
2025-10-14 07:20:15 - data.dataset - INFO -   meningioma: 306
2025-10-14 07:20:15 - data.dataset - INFO -   notumor: 405
2025-10-14 07:20:15 - data.dataset - INFO -   pituitary: 300
2025-10-14 07:20:15 - __main__ - INFO - Training samples: 5712
2025-10-14 07:20:15 - __main__ - INFO - Testing samples: 1311
2025-10-14 07:20:15 - __main__ - INFO - Generator parameters: 26,034,249
2025-10-14 07:20:15 - __main__ - INFO - Discriminator parameters: 6,273,921
2025-10-14 07:20:17 - trainers.taskaware_trainer - INFO - Task-Aware Trainer initialized with λ_classification=0.5
2025-10-14 07:20:17 - __main__ - INFO - 
==================================================
2025-10-14 07:20:17 - __main__ - INFO - Epoch 1/50
2025-10-14 07:20:17 - __main__ - INFO - ==================================================
2025-10-14 07:21:05 - __main__ - INFO - Train - G Loss: 1.0807 | D Loss: 0.5207 | Class Loss: 0.0000
2025-10-14 07:21:13 - __main__ - INFO - Val - SSIM: 0.8391 | PSNR: 23.49
2025-10-14 07:21:13 - __main__ - INFO - New best SSIM: 0.8391
2025-10-14 07:21:14 - trainers.esrgan_trainer - INFO - Saved best ESRGAN model
2025-10-14 07:21:14 - __main__ - INFO - 
==================================================
2025-10-14 07:21:14 - __main__ - INFO - Epoch 2/50
2025-10-14 07:21:14 - __main__ - INFO - ==================================================
2025-10-14 07:22:01 - __main__ - INFO - Train - G Loss: 1.1097 | D Loss: 0.4853 | Class Loss: 0.0000
2025-10-14 07:22:09 - __main__ - INFO - Val - SSIM: 0.8107 | PSNR: 22.19
2025-10-14 07:22:09 - __main__ - INFO - 
==================================================
2025-10-14 07:22:09 - __main__ - INFO - Epoch 3/50
2025-10-14 07:22:09 - __main__ - INFO - ==================================================
2025-10-14 07:22:56 - __main__ - INFO - Train - G Loss: 0.9633 | D Loss: 0.5731 | Class Loss: 0.0000
2025-10-14 07:23:05 - __main__ - INFO - Val - SSIM: 0.7760 | PSNR: 20.28
2025-10-14 07:23:05 - __main__ - INFO - 
==================================================
2025-10-14 07:23:05 - __main__ - INFO - Epoch 4/50
2025-10-14 07:23:05 - __main__ - INFO - ==================================================
2025-10-14 07:23:52 - __main__ - INFO - Train - G Loss: 1.0065 | D Loss: 0.5419 | Class Loss: 0.0000
2025-10-14 07:24:00 - __main__ - INFO - Val - SSIM: 0.8552 | PSNR: 24.24
2025-10-14 07:24:00 - __main__ - INFO - New best SSIM: 0.8552
2025-10-14 07:24:01 - trainers.esrgan_trainer - INFO - Saved best ESRGAN model
2025-10-14 07:24:01 - __main__ - INFO - 
==================================================
2025-10-14 07:24:01 - __main__ - INFO - Epoch 5/50
2025-10-14 07:24:01 - __main__ - INFO - ==================================================
2025-10-14 07:24:48 - __main__ - INFO - Train - G Loss: 0.7289 | D Loss: 0.6932 | Class Loss: 0.0000
2025-10-14 07:24:57 - __main__ - INFO - Val - SSIM: 0.8704 | PSNR: 25.30
2025-10-14 07:24:57 - __main__ - INFO - New best SSIM: 0.8704
2025-10-14 07:24:57 - trainers.esrgan_trainer - INFO - Saved best ESRGAN model
2025-10-14 07:24:57 - __main__ - INFO - 
==================================================
2025-10-14 07:24:57 - __main__ - INFO - Epoch 6/50
2025-10-14 07:24:57 - __main__ - INFO - ==================================================
2025-10-14 07:25:52 - __main__ - INFO - Train - G Loss: 2.5018 | D Loss: 0.3383 | Class Loss: 2.1140
2025-10-14 07:26:00 - __main__ - INFO - Val - SSIM: 0.3508 | PSNR: 6.92
2025-10-14 07:26:01 - __main__ - INFO - 
==================================================
2025-10-14 07:26:01 - __main__ - INFO - Epoch 7/50
2025-10-14 07:26:01 - __main__ - INFO - ==================================================
2025-10-14 07:26:56 - __main__ - INFO - Train - G Loss: 2.3636 | D Loss: 0.3133 | Class Loss: 1.7716
2025-10-14 07:27:04 - __main__ - INFO - Val - SSIM: 0.4528 | PSNR: 7.89
2025-10-14 07:27:04 - __main__ - INFO - 
==================================================
2025-10-14 07:27:04 - __main__ - INFO - Epoch 8/50
2025-10-14 07:27:04 - __main__ - INFO - ==================================================
2025-10-14 07:27:59 - __main__ - INFO - Train - G Loss: 2.1825 | D Loss: 0.3133 | Class Loss: 1.4597
2025-10-14 07:28:07 - __main__ - INFO - Val - SSIM: 0.4981 | PSNR: 11.31
2025-10-14 07:28:08 - __main__ - INFO - 
==================================================
2025-10-14 07:28:08 - __main__ - INFO - Epoch 9/50
2025-10-14 07:28:08 - __main__ - INFO - ==================================================
2025-10-14 07:29:03 - __main__ - INFO - Train - G Loss: 2.1750 | D Loss: 0.3133 | Class Loss: 1.4614
2025-10-14 07:29:11 - __main__ - INFO - Val - SSIM: 0.4621 | PSNR: 11.08
2025-10-14 07:29:11 - __main__ - INFO - 
==================================================
2025-10-14 07:29:11 - __main__ - INFO - Epoch 10/50
2025-10-14 07:29:11 - __main__ - INFO - ==================================================
2025-10-14 07:30:06 - __main__ - INFO - Train - G Loss: 2.0123 | D Loss: 0.3133 | Class Loss: 1.1710
2025-10-14 07:30:14 - __main__ - INFO - Val - SSIM: 0.4318 | PSNR: 11.08
2025-10-14 07:30:14 - __main__ - INFO - 
==================================================
2025-10-14 07:30:14 - __main__ - INFO - Epoch 11/50
2025-10-14 07:30:14 - __main__ - INFO - ==================================================
2025-10-14 07:31:09 - __main__ - INFO - Train - G Loss: 2.0376 | D Loss: 0.3133 | Class Loss: 1.2248
2025-10-14 07:31:17 - __main__ - INFO - Val - SSIM: 0.5915 | PSNR: 14.50
2025-10-14 07:31:18 - __main__ - INFO - 
==================================================
2025-10-14 07:31:18 - __main__ - INFO - Epoch 12/50
2025-10-14 07:31:18 - __main__ - INFO - ==================================================
2025-10-14 07:32:13 - __main__ - INFO - Train - G Loss: 2.0014 | D Loss: 0.3144 | Class Loss: 1.1783
2025-10-14 07:32:21 - __main__ - INFO - Val - SSIM: 0.6911 | PSNR: 16.46
2025-10-14 07:32:21 - __main__ - INFO - 
==================================================
2025-10-14 07:32:21 - __main__ - INFO - Epoch 13/50
2025-10-14 07:32:21 - __main__ - INFO - ==================================================
2025-10-14 07:33:16 - __main__ - INFO - Train - G Loss: 1.9404 | D Loss: 0.3133 | Class Loss: 1.0661
2025-10-14 07:33:24 - __main__ - INFO - Val - SSIM: 0.7898 | PSNR: 17.10
2025-10-14 07:33:24 - __main__ - INFO - 
==================================================
2025-10-14 07:33:24 - __main__ - INFO - Epoch 14/50
2025-10-14 07:33:24 - __main__ - INFO - ==================================================
2025-10-14 07:34:19 - __main__ - INFO - Train - G Loss: 1.9536 | D Loss: 0.3133 | Class Loss: 1.0914
2025-10-14 07:34:28 - __main__ - INFO - Val - SSIM: 0.7650 | PSNR: 17.21
2025-10-14 07:34:28 - __main__ - INFO - 
==================================================
2025-10-14 07:34:28 - __main__ - INFO - Epoch 15/50
2025-10-14 07:34:28 - __main__ - INFO - ==================================================
2025-10-14 07:35:23 - __main__ - INFO - Train - G Loss: 1.9188 | D Loss: 0.3133 | Class Loss: 1.0370
2025-10-14 07:35:31 - __main__ - INFO - Val - SSIM: 0.6203 | PSNR: 13.96
2025-10-14 07:35:31 - trainers.base_trainer - INFO - Early stopping triggered after 10 epochs without improvement
2025-10-14 07:35:31 - __main__ - INFO - Early stopping triggered
2025-10-14 07:35:31 - __main__ - INFO - 
Training completed!
2025-10-14 07:35:31 - __main__ - INFO - Best SSIM: 0.8704
2025-10-14 07:35:37 - __main__ - INFO - Starting Task-Aware ESRGAN training
2025-10-14 07:35:37 - __main__ - INFO - Config: config/taskaware_esrgan.yaml
2025-10-14 07:35:37 - __main__ - INFO - Using device: cuda
2025-10-14 07:35:38 - __main__ - INFO - Loaded classifier from results/models/checkpoint_best.pth
2025-10-14 07:35:38 - data.dataset - INFO - 
Dataset: Training
2025-10-14 07:35:38 - data.dataset - INFO - Total images: 5712
2025-10-14 07:35:38 - data.dataset - INFO -   glioma: 1321
2025-10-14 07:35:38 - data.dataset - INFO -   meningioma: 1339
2025-10-14 07:35:38 - data.dataset - INFO -   notumor: 1595
2025-10-14 07:35:38 - data.dataset - INFO -   pituitary: 1457
2025-10-14 07:35:38 - data.dataset - INFO - 
Dataset: Testing
2025-10-14 07:35:38 - data.dataset - INFO - Total images: 1311
2025-10-14 07:35:38 - data.dataset - INFO -   glioma: 300
2025-10-14 07:35:38 - data.dataset - INFO -   meningioma: 306
2025-10-14 07:35:38 - data.dataset - INFO -   notumor: 405
2025-10-14 07:35:38 - data.dataset - INFO -   pituitary: 300
2025-10-14 07:35:38 - __main__ - INFO - Training samples: 5712
2025-10-14 07:35:38 - __main__ - INFO - Testing samples: 1311
2025-10-14 07:35:39 - __main__ - INFO - Generator parameters: 26,034,249
2025-10-14 07:35:39 - __main__ - INFO - Discriminator parameters: 6,273,921
2025-10-14 07:35:40 - trainers.taskaware_trainer - INFO - Task-Aware Trainer initialized with λ_classification=0.5
2025-10-14 07:35:40 - __main__ - INFO - 
==================================================
2025-10-14 07:35:40 - __main__ - INFO - Epoch 1/50
2025-10-14 07:35:40 - __main__ - INFO - ==================================================
2025-10-14 11:58:22 - __main__ - INFO - Starting Task-Aware ESRGAN training
2025-10-14 11:58:22 - __main__ - INFO - Config: config/taskaware_esrgan.yaml
2025-10-14 11:58:22 - __main__ - INFO - Using device: cuda
2025-10-14 11:58:23 - __main__ - INFO - Loaded classifier from results/models/checkpoint_best.pth
2025-10-14 12:00:10 - data.dataset - INFO - 
Dataset: Training
2025-10-14 12:00:10 - data.dataset - INFO - Total images: 5712
2025-10-14 12:00:10 - data.dataset - INFO -   glioma: 1321
2025-10-14 12:00:10 - data.dataset - INFO -   meningioma: 1339
2025-10-14 12:00:10 - data.dataset - INFO -   notumor: 1595
2025-10-14 12:00:10 - data.dataset - INFO -   pituitary: 1457
2025-10-14 12:00:37 - data.dataset - INFO - 
Dataset: Testing
2025-10-14 12:00:37 - data.dataset - INFO - Total images: 1311
2025-10-14 12:00:37 - data.dataset - INFO -   glioma: 300
2025-10-14 12:00:37 - data.dataset - INFO -   meningioma: 306
2025-10-14 12:00:37 - data.dataset - INFO -   notumor: 405
2025-10-14 12:00:37 - data.dataset - INFO -   pituitary: 300
2025-10-14 12:00:37 - __main__ - INFO - Training samples: 5712
2025-10-14 12:00:37 - __main__ - INFO - Testing samples: 1311
2025-10-14 12:00:37 - __main__ - INFO - Generator parameters: 26,034,249
2025-10-14 12:00:37 - __main__ - INFO - Discriminator parameters: 6,273,921
2025-10-14 12:00:38 - trainers.taskaware_trainer - INFO - Task-Aware Trainer initialized with λ_classification=0.5
2025-10-14 12:00:38 - __main__ - INFO - 
==================================================
2025-10-14 12:00:38 - __main__ - INFO - Epoch 1/50
2025-10-14 12:00:38 - __main__ - INFO - ==================================================
2025-10-14 12:01:26 - __main__ - INFO - Train - G Loss: 0.9436 | D Loss: 0.5825 | Class Loss: 0.0000
2025-10-14 12:01:33 - __main__ - INFO - Val - SSIM: 0.8601 | PSNR: 24.48
2025-10-14 12:01:33 - __main__ - INFO - New best SSIM: 0.8601
2025-10-14 12:01:34 - trainers.esrgan_trainer - INFO - Saved best ESRGAN model
2025-10-14 12:01:34 - __main__ - INFO - 
==================================================
2025-10-14 12:01:34 - __main__ - INFO - Epoch 2/50
2025-10-14 12:01:34 - __main__ - INFO - ==================================================
2025-10-14 12:02:20 - __main__ - INFO - Train - G Loss: 0.9582 | D Loss: 0.5891 | Class Loss: 0.0000
2025-10-14 12:02:27 - __main__ - INFO - Val - SSIM: 0.8286 | PSNR: 23.39
2025-10-14 12:02:27 - __main__ - INFO - 
==================================================
2025-10-14 12:02:27 - __main__ - INFO - Epoch 3/50
2025-10-14 12:02:27 - __main__ - INFO - ==================================================
2025-10-14 12:03:13 - __main__ - INFO - Train - G Loss: 0.8337 | D Loss: 0.6419 | Class Loss: 0.0000
2025-10-14 12:03:20 - __main__ - INFO - Val - SSIM: 0.7568 | PSNR: 18.07
2025-10-14 12:03:21 - __main__ - INFO - 
==================================================
2025-10-14 12:03:21 - __main__ - INFO - Epoch 4/50
2025-10-14 12:03:21 - __main__ - INFO - ==================================================
2025-10-14 12:04:07 - __main__ - INFO - Train - G Loss: 0.8136 | D Loss: 0.6523 | Class Loss: 0.0000
2025-10-14 12:04:14 - __main__ - INFO - Val - SSIM: 0.8644 | PSNR: 24.78
2025-10-14 12:04:14 - __main__ - INFO - New best SSIM: 0.8644
2025-10-14 12:04:14 - trainers.esrgan_trainer - INFO - Saved best ESRGAN model
2025-10-14 12:04:14 - __main__ - INFO - 
==================================================
2025-10-14 12:04:14 - __main__ - INFO - Epoch 5/50
2025-10-14 12:04:14 - __main__ - INFO - ==================================================
2025-10-14 12:05:00 - __main__ - INFO - Train - G Loss: 0.7690 | D Loss: 0.6719 | Class Loss: 0.0000
2025-10-14 12:05:07 - __main__ - INFO - Val - SSIM: 0.8456 | PSNR: 23.34
2025-10-14 12:05:08 - __main__ - INFO - 
==================================================
2025-10-14 12:05:08 - __main__ - INFO - Epoch 6/50
2025-10-14 12:05:08 - __main__ - INFO - ==================================================
2025-10-14 12:06:02 - __main__ - INFO - Train - G Loss: 2.4068 | D Loss: 0.3220 | Class Loss: 1.9489
2025-10-14 12:06:09 - __main__ - INFO - Val - SSIM: 0.4834 | PSNR: 12.97
2025-10-14 12:06:09 - __main__ - INFO - 
==================================================
2025-10-14 12:06:09 - __main__ - INFO - Epoch 7/50
2025-10-14 12:06:09 - __main__ - INFO - ==================================================
2025-10-14 12:07:03 - __main__ - INFO - Train - G Loss: 2.1849 | D Loss: 0.3133 | Class Loss: 1.4832
2025-10-14 12:07:10 - __main__ - INFO - Val - SSIM: 0.2489 | PSNR: 11.54
2025-10-14 12:07:10 - __main__ - INFO - 
==================================================
2025-10-14 12:07:10 - __main__ - INFO - Epoch 8/50
2025-10-14 12:07:10 - __main__ - INFO - ==================================================
2025-10-14 12:08:04 - __main__ - INFO - Train - G Loss: 2.1168 | D Loss: 0.3133 | Class Loss: 1.3612
2025-10-14 12:08:11 - __main__ - INFO - Val - SSIM: 0.1551 | PSNR: 13.82
2025-10-14 12:08:11 - __main__ - INFO - 
==================================================
2025-10-14 12:08:11 - __main__ - INFO - Epoch 9/50
2025-10-14 12:08:11 - __main__ - INFO - ==================================================
2025-10-14 12:09:05 - __main__ - INFO - Train - G Loss: 2.0691 | D Loss: 0.3133 | Class Loss: 1.2765
2025-10-14 12:09:12 - __main__ - INFO - Val - SSIM: 0.6340 | PSNR: 16.78
2025-10-14 12:09:12 - __main__ - INFO - 
==================================================
2025-10-14 12:09:12 - __main__ - INFO - Epoch 10/50
2025-10-14 12:09:12 - __main__ - INFO - ==================================================
2025-10-14 12:10:06 - __main__ - INFO - Train - G Loss: 2.0142 | D Loss: 0.3133 | Class Loss: 1.1973
2025-10-14 12:10:13 - __main__ - INFO - Val - SSIM: 0.7146 | PSNR: 18.10
2025-10-14 12:10:14 - __main__ - INFO - 
==================================================
2025-10-14 12:10:14 - __main__ - INFO - Epoch 11/50
2025-10-14 12:10:14 - __main__ - INFO - ==================================================
2025-10-14 12:11:08 - __main__ - INFO - Train - G Loss: 1.9580 | D Loss: 0.3140 | Class Loss: 1.1046
2025-10-14 12:11:14 - __main__ - INFO - Val - SSIM: 0.6682 | PSNR: 17.44
2025-10-14 12:11:15 - __main__ - INFO - 
==================================================
2025-10-14 12:11:15 - __main__ - INFO - Epoch 12/50
2025-10-14 12:11:15 - __main__ - INFO - ==================================================
2025-10-14 12:12:09 - __main__ - INFO - Train - G Loss: 1.9565 | D Loss: 0.3133 | Class Loss: 1.1003
2025-10-14 12:12:16 - __main__ - INFO - Val - SSIM: 0.7693 | PSNR: 19.13
2025-10-14 12:12:16 - __main__ - INFO - 
==================================================
2025-10-14 12:12:16 - __main__ - INFO - Epoch 13/50
2025-10-14 12:12:16 - __main__ - INFO - ==================================================
2025-10-14 12:13:10 - __main__ - INFO - Train - G Loss: 2.0093 | D Loss: 0.3133 | Class Loss: 1.1900
2025-10-14 12:13:17 - __main__ - INFO - Val - SSIM: 0.6067 | PSNR: 16.69
2025-10-14 12:13:17 - __main__ - INFO - 
==================================================
2025-10-14 12:13:17 - __main__ - INFO - Epoch 14/50
2025-10-14 12:13:17 - __main__ - INFO - ==================================================
2025-10-14 12:14:11 - __main__ - INFO - Train - G Loss: 1.9621 | D Loss: 0.3133 | Class Loss: 1.1079
2025-10-14 12:14:18 - __main__ - INFO - Val - SSIM: 0.7427 | PSNR: 19.32
2025-10-14 12:14:18 - trainers.base_trainer - INFO - Early stopping triggered after 10 epochs without improvement
2025-10-14 12:14:18 - __main__ - INFO - Early stopping triggered
2025-10-14 12:14:18 - __main__ - INFO - 
Training completed!
2025-10-14 12:14:18 - __main__ - INFO - Best SSIM: 0.8644
2025-10-15 06:13:23 - __main__ - INFO - Starting Task-Aware ESRGAN training
2025-10-15 06:13:23 - __main__ - INFO - Config: config/taskaware_esrgan.yaml
2025-10-15 06:13:23 - __main__ - INFO - Using device: cuda
2025-10-15 06:13:24 - __main__ - INFO - Loaded classifier from results/models/checkpoint_best.pth
2025-10-15 06:14:44 - data.dataset - INFO - 
Dataset: Training
2025-10-15 06:14:44 - data.dataset - INFO - Total images: 5712
2025-10-15 06:14:44 - data.dataset - INFO -   glioma: 1321
2025-10-15 06:14:44 - data.dataset - INFO -   meningioma: 1339
2025-10-15 06:14:44 - data.dataset - INFO -   notumor: 1595
2025-10-15 06:14:44 - data.dataset - INFO -   pituitary: 1457
2025-10-15 06:14:45 - data.dataset - INFO - 
Dataset: Testing
2025-10-15 06:14:45 - data.dataset - INFO - Total images: 1311
2025-10-15 06:14:45 - data.dataset - INFO -   glioma: 300
2025-10-15 06:14:45 - data.dataset - INFO -   meningioma: 306
2025-10-15 06:14:45 - data.dataset - INFO -   notumor: 405
2025-10-15 06:14:45 - data.dataset - INFO -   pituitary: 300
2025-10-15 06:14:45 - __main__ - INFO - Training samples: 5712
2025-10-15 06:14:45 - __main__ - INFO - Testing samples: 1311
2025-10-15 06:14:45 - __main__ - INFO - Generator parameters: 26,034,249
2025-10-15 06:14:45 - __main__ - INFO - Discriminator parameters: 6,273,921
2025-10-15 06:14:46 - trainers.taskaware_trainer - INFO - Task-Aware Trainer initialized with λ_classification=0.2
2025-10-15 06:14:46 - __main__ - INFO - 
==================================================
2025-10-15 06:14:46 - __main__ - INFO - Epoch 1/50
2025-10-15 06:14:46 - __main__ - INFO - ==================================================
2025-10-15 06:15:43 - __main__ - INFO - Train - G Loss: 1.9857 | D Loss: 0.3164 | Class Loss: 2.6120
2025-10-15 06:15:53 - __main__ - INFO - Val - SSIM: 0.0040 | PSNR: 8.12
2025-10-15 06:15:53 - __main__ - INFO - New best SSIM: 0.0040
2025-10-15 06:15:53 - trainers.esrgan_trainer - INFO - Saved best ESRGAN model
2025-10-15 06:15:53 - __main__ - INFO - 
==================================================
2025-10-15 06:15:53 - __main__ - INFO - Epoch 2/50
2025-10-15 06:15:53 - __main__ - INFO - ==================================================
2025-10-15 06:16:48 - __main__ - INFO - Train - G Loss: 2.0574 | D Loss: 0.3133 | Class Loss: 2.8034
2025-10-15 06:16:57 - __main__ - INFO - Val - SSIM: 0.0106 | PSNR: 9.70
2025-10-15 06:16:57 - __main__ - INFO - New best SSIM: 0.0106
2025-10-15 06:16:58 - trainers.esrgan_trainer - INFO - Saved best ESRGAN model
2025-10-15 06:16:58 - __main__ - INFO - 
==================================================
2025-10-15 06:16:58 - __main__ - INFO - Epoch 3/50
2025-10-15 06:16:58 - __main__ - INFO - ==================================================
2025-10-15 06:17:54 - __main__ - INFO - Train - G Loss: 1.9329 | D Loss: 0.3133 | Class Loss: 2.2740
2025-10-15 06:18:03 - __main__ - INFO - Val - SSIM: 0.0441 | PSNR: 12.70
2025-10-15 06:18:03 - __main__ - INFO - New best SSIM: 0.0441
2025-10-15 06:18:04 - trainers.esrgan_trainer - INFO - Saved best ESRGAN model
2025-10-15 06:18:04 - __main__ - INFO - 
==================================================
2025-10-15 06:18:04 - __main__ - INFO - Epoch 4/50
2025-10-15 06:18:04 - __main__ - INFO - ==================================================
2025-10-15 06:18:59 - __main__ - INFO - Train - G Loss: 1.8607 | D Loss: 0.3133 | Class Loss: 2.0798
2025-10-15 06:19:08 - __main__ - INFO - Val - SSIM: 0.1636 | PSNR: 14.95
2025-10-15 06:19:08 - __main__ - INFO - New best SSIM: 0.1636
2025-10-15 06:19:09 - trainers.esrgan_trainer - INFO - Saved best ESRGAN model
2025-10-15 06:19:09 - __main__ - INFO - 
==================================================
2025-10-15 06:19:09 - __main__ - INFO - Epoch 5/50
2025-10-15 06:19:09 - __main__ - INFO - ==================================================
2025-10-15 06:20:04 - __main__ - INFO - Train - G Loss: 1.7568 | D Loss: 0.3189 | Class Loss: 1.6539
2025-10-15 06:20:14 - __main__ - INFO - Val - SSIM: 0.5395 | PSNR: 17.43
2025-10-15 06:20:14 - __main__ - INFO - New best SSIM: 0.5395
2025-10-15 06:20:15 - trainers.esrgan_trainer - INFO - Saved best ESRGAN model
2025-10-15 06:20:15 - __main__ - INFO - 
==================================================
2025-10-15 06:20:15 - __main__ - INFO - Epoch 6/50
2025-10-15 06:20:15 - __main__ - INFO - ==================================================
2025-10-15 06:21:10 - __main__ - INFO - Train - G Loss: 1.7004 | D Loss: 0.3133 | Class Loss: 1.4030
2025-10-15 06:21:19 - __main__ - INFO - Val - SSIM: 0.7094 | PSNR: 22.42
2025-10-15 06:21:19 - __main__ - INFO - New best SSIM: 0.7094
2025-10-15 06:21:20 - trainers.esrgan_trainer - INFO - Saved best ESRGAN model
2025-10-15 06:21:20 - __main__ - INFO - 
==================================================
2025-10-15 06:21:20 - __main__ - INFO - Epoch 7/50
2025-10-15 06:21:20 - __main__ - INFO - ==================================================
2025-10-15 06:22:15 - __main__ - INFO - Train - G Loss: 1.6958 | D Loss: 0.3133 | Class Loss: 1.4237
2025-10-15 06:22:25 - __main__ - INFO - Val - SSIM: 0.6088 | PSNR: 20.36
2025-10-15 06:22:25 - __main__ - INFO - 
==================================================
2025-10-15 06:22:25 - __main__ - INFO - Epoch 8/50
2025-10-15 06:22:25 - __main__ - INFO - ==================================================
2025-10-15 06:23:20 - __main__ - INFO - Train - G Loss: 1.6567 | D Loss: 0.3137 | Class Loss: 1.2771
2025-10-15 06:23:29 - __main__ - INFO - Val - SSIM: 0.7952 | PSNR: 22.37
2025-10-15 06:23:29 - __main__ - INFO - New best SSIM: 0.7952
2025-10-15 06:23:30 - trainers.esrgan_trainer - INFO - Saved best ESRGAN model
2025-10-15 06:23:30 - __main__ - INFO - 
==================================================
2025-10-15 06:23:30 - __main__ - INFO - Epoch 9/50
2025-10-15 06:23:30 - __main__ - INFO - ==================================================
2025-10-15 06:24:25 - __main__ - INFO - Train - G Loss: 1.6373 | D Loss: 0.3133 | Class Loss: 1.1927
2025-10-15 06:24:34 - __main__ - INFO - Val - SSIM: 0.7748 | PSNR: 22.51
2025-10-15 06:24:35 - __main__ - INFO - 
==================================================
2025-10-15 06:24:35 - __main__ - INFO - Epoch 10/50
2025-10-15 06:24:35 - __main__ - INFO - ==================================================
2025-10-15 06:25:30 - __main__ - INFO - Train - G Loss: 1.6243 | D Loss: 0.3137 | Class Loss: 1.1467
2025-10-15 06:25:39 - __main__ - INFO - Val - SSIM: 0.7660 | PSNR: 22.67
2025-10-15 06:25:40 - __main__ - INFO - 
==================================================
2025-10-15 06:25:40 - __main__ - INFO - Epoch 11/50
2025-10-15 06:25:40 - __main__ - INFO - ==================================================
2025-10-15 06:26:35 - __main__ - INFO - Train - G Loss: 1.6221 | D Loss: 0.3133 | Class Loss: 1.1182
2025-10-15 06:26:44 - __main__ - INFO - Val - SSIM: 0.7998 | PSNR: 22.89
2025-10-15 06:26:44 - __main__ - INFO - New best SSIM: 0.7998
2025-10-15 06:26:45 - trainers.esrgan_trainer - INFO - Saved best ESRGAN model
2025-10-15 06:26:45 - __main__ - INFO - 
==================================================
2025-10-15 06:26:45 - __main__ - INFO - Epoch 12/50
2025-10-15 06:26:45 - __main__ - INFO - ==================================================
2025-10-15 06:27:40 - __main__ - INFO - Train - G Loss: 1.6247 | D Loss: 0.3136 | Class Loss: 1.1494
2025-10-15 06:27:49 - __main__ - INFO - Val - SSIM: 0.7445 | PSNR: 22.82
2025-10-15 06:27:49 - __main__ - INFO - 
==================================================
2025-10-15 06:27:49 - __main__ - INFO - Epoch 13/50
2025-10-15 06:27:49 - __main__ - INFO - ==================================================
2025-10-15 06:28:45 - __main__ - INFO - Train - G Loss: 1.6128 | D Loss: 0.3133 | Class Loss: 1.1091
2025-10-15 06:28:55 - __main__ - INFO - Val - SSIM: 0.8253 | PSNR: 23.28
2025-10-15 06:28:55 - __main__ - INFO - New best SSIM: 0.8253
2025-10-15 06:28:55 - trainers.esrgan_trainer - INFO - Saved best ESRGAN model
2025-10-15 06:28:55 - __main__ - INFO - 
==================================================
2025-10-15 06:28:55 - __main__ - INFO - Epoch 14/50
2025-10-15 06:28:55 - __main__ - INFO - ==================================================
2025-10-15 06:29:51 - __main__ - INFO - Train - G Loss: 1.6100 | D Loss: 0.3133 | Class Loss: 1.1086
2025-10-15 06:30:00 - __main__ - INFO - Val - SSIM: 0.8263 | PSNR: 23.25
2025-10-15 06:30:00 - __main__ - INFO - New best SSIM: 0.8263
2025-10-15 06:30:01 - trainers.esrgan_trainer - INFO - Saved best ESRGAN model
2025-10-15 06:30:01 - __main__ - INFO - 
==================================================
2025-10-15 06:30:01 - __main__ - INFO - Epoch 15/50
2025-10-15 06:30:01 - __main__ - INFO - ==================================================
2025-10-15 06:30:56 - __main__ - INFO - Train - G Loss: 1.5841 | D Loss: 0.3133 | Class Loss: 1.0027
2025-10-15 06:31:06 - __main__ - INFO - Val - SSIM: 0.8275 | PSNR: 23.19
2025-10-15 06:31:06 - __main__ - INFO - New best SSIM: 0.8275
2025-10-15 06:31:07 - trainers.esrgan_trainer - INFO - Saved best ESRGAN model
2025-10-15 06:31:07 - __main__ - INFO - 
==================================================
2025-10-15 06:31:07 - __main__ - INFO - Epoch 16/50
2025-10-15 06:31:07 - __main__ - INFO - ==================================================
2025-10-15 06:32:01 - __main__ - INFO - Train - G Loss: 1.5838 | D Loss: 0.3133 | Class Loss: 1.0038
2025-10-15 06:32:09 - __main__ - INFO - Val - SSIM: 0.7967 | PSNR: 23.51
2025-10-15 06:32:10 - __main__ - INFO - 
==================================================
2025-10-15 06:32:10 - __main__ - INFO - Epoch 17/50
2025-10-15 06:32:10 - __main__ - INFO - ==================================================
2025-10-15 06:33:04 - __main__ - INFO - Train - G Loss: 1.5802 | D Loss: 0.3133 | Class Loss: 0.9822
2025-10-15 06:33:12 - __main__ - INFO - Val - SSIM: 0.8207 | PSNR: 23.15
2025-10-15 06:33:12 - __main__ - INFO - 
==================================================
2025-10-15 06:33:12 - __main__ - INFO - Epoch 18/50
2025-10-15 06:33:12 - __main__ - INFO - ==================================================
2025-10-15 06:34:07 - __main__ - INFO - Train - G Loss: 1.5748 | D Loss: 0.3133 | Class Loss: 0.9685
2025-10-15 06:34:15 - __main__ - INFO - Val - SSIM: 0.8237 | PSNR: 23.18
2025-10-15 06:34:16 - __main__ - INFO - 
==================================================
2025-10-15 06:34:16 - __main__ - INFO - Epoch 19/50
2025-10-15 06:34:16 - __main__ - INFO - ==================================================
2025-10-15 06:35:10 - __main__ - INFO - Train - G Loss: 1.5839 | D Loss: 0.3133 | Class Loss: 1.0016
2025-10-15 06:35:18 - __main__ - INFO - Val - SSIM: 0.8292 | PSNR: 23.36
2025-10-15 06:35:18 - __main__ - INFO - New best SSIM: 0.8292
2025-10-15 06:35:19 - trainers.esrgan_trainer - INFO - Saved best ESRGAN model
2025-10-15 06:35:19 - __main__ - INFO - 
==================================================
2025-10-15 06:35:19 - __main__ - INFO - Epoch 20/50
2025-10-15 06:35:19 - __main__ - INFO - ==================================================
2025-10-15 06:36:15 - __main__ - INFO - Train - G Loss: 1.5653 | D Loss: 0.3133 | Class Loss: 0.9234
2025-10-15 06:36:23 - __main__ - INFO - Val - SSIM: 0.8345 | PSNR: 23.63
2025-10-15 06:36:23 - __main__ - INFO - New best SSIM: 0.8345
2025-10-15 06:36:24 - trainers.esrgan_trainer - INFO - Saved best ESRGAN model
2025-10-15 06:36:24 - __main__ - INFO - 
==================================================
2025-10-15 06:36:24 - __main__ - INFO - Epoch 21/50
2025-10-15 06:36:24 - __main__ - INFO - ==================================================
2025-10-15 06:37:19 - __main__ - INFO - Train - G Loss: 1.5688 | D Loss: 0.3133 | Class Loss: 0.9511
2025-10-15 06:37:27 - __main__ - INFO - Val - SSIM: 0.8393 | PSNR: 23.46
2025-10-15 06:37:27 - __main__ - INFO - New best SSIM: 0.8393
2025-10-15 06:37:28 - trainers.esrgan_trainer - INFO - Saved best ESRGAN model
2025-10-15 06:37:28 - __main__ - INFO - 
==================================================
2025-10-15 06:37:28 - __main__ - INFO - Epoch 22/50
2025-10-15 06:37:28 - __main__ - INFO - ==================================================
2025-10-15 06:38:23 - __main__ - INFO - Train - G Loss: 1.5627 | D Loss: 0.3133 | Class Loss: 0.9304
2025-10-15 06:38:31 - __main__ - INFO - Val - SSIM: 0.8369 | PSNR: 23.57
2025-10-15 06:38:32 - __main__ - INFO - 
==================================================
2025-10-15 06:38:32 - __main__ - INFO - Epoch 23/50
2025-10-15 06:38:32 - __main__ - INFO - ==================================================
2025-10-15 06:39:27 - __main__ - INFO - Train - G Loss: 1.5568 | D Loss: 0.3133 | Class Loss: 0.9039
2025-10-15 06:39:36 - __main__ - INFO - Val - SSIM: 0.8239 | PSNR: 23.36
2025-10-15 06:39:36 - __main__ - INFO - 
==================================================
2025-10-15 06:39:36 - __main__ - INFO - Epoch 24/50
2025-10-15 06:39:36 - __main__ - INFO - ==================================================
2025-10-15 06:40:31 - __main__ - INFO - Train - G Loss: 1.5636 | D Loss: 0.3133 | Class Loss: 0.9264
2025-10-15 06:40:39 - __main__ - INFO - Val - SSIM: 0.8407 | PSNR: 23.46
2025-10-15 06:40:39 - __main__ - INFO - New best SSIM: 0.8407
2025-10-15 06:40:40 - trainers.esrgan_trainer - INFO - Saved best ESRGAN model
2025-10-15 06:40:40 - __main__ - INFO - 
==================================================
2025-10-15 06:40:40 - __main__ - INFO - Epoch 25/50
2025-10-15 06:40:40 - __main__ - INFO - ==================================================
2025-10-15 06:41:35 - __main__ - INFO - Train - G Loss: 1.5592 | D Loss: 0.3133 | Class Loss: 0.9186
2025-10-15 06:41:44 - __main__ - INFO - Val - SSIM: 0.8281 | PSNR: 23.59
2025-10-15 06:41:44 - __main__ - INFO - 
==================================================
2025-10-15 06:41:44 - __main__ - INFO - Epoch 26/50
2025-10-15 06:41:44 - __main__ - INFO - ==================================================
2025-10-15 06:42:39 - __main__ - INFO - Train - G Loss: 1.5571 | D Loss: 0.3133 | Class Loss: 0.9044
2025-10-15 06:42:48 - __main__ - INFO - Val - SSIM: 0.8409 | PSNR: 23.59
2025-10-15 06:42:48 - __main__ - INFO - New best SSIM: 0.8409
2025-10-15 06:42:49 - trainers.esrgan_trainer - INFO - Saved best ESRGAN model
2025-10-15 06:42:49 - __main__ - INFO - 
==================================================
2025-10-15 06:42:49 - __main__ - INFO - Epoch 27/50
2025-10-15 06:42:49 - __main__ - INFO - ==================================================
2025-10-15 06:43:43 - __main__ - INFO - Train - G Loss: 1.5554 | D Loss: 0.3142 | Class Loss: 0.9004
2025-10-15 06:43:52 - __main__ - INFO - Val - SSIM: 0.7975 | PSNR: 23.17
2025-10-15 06:43:52 - __main__ - INFO - 
==================================================
2025-10-15 06:43:52 - __main__ - INFO - Epoch 28/50
2025-10-15 06:43:52 - __main__ - INFO - ==================================================
2025-10-15 06:44:47 - __main__ - INFO - Train - G Loss: 1.5459 | D Loss: 0.3133 | Class Loss: 0.8490
2025-10-15 06:44:56 - __main__ - INFO - Val - SSIM: 0.8394 | PSNR: 23.63
2025-10-15 06:44:56 - __main__ - INFO - 
==================================================
2025-10-15 06:44:56 - __main__ - INFO - Epoch 29/50
2025-10-15 06:44:56 - __main__ - INFO - ==================================================
2025-10-15 06:45:51 - __main__ - INFO - Train - G Loss: 1.5522 | D Loss: 0.3133 | Class Loss: 0.8913
2025-10-15 06:46:00 - __main__ - INFO - Val - SSIM: 0.8239 | PSNR: 23.36
2025-10-15 06:46:00 - __main__ - INFO - 
==================================================
2025-10-15 06:46:00 - __main__ - INFO - Epoch 30/50
2025-10-15 06:46:00 - __main__ - INFO - ==================================================
2025-10-15 06:46:55 - __main__ - INFO - Train - G Loss: 1.5422 | D Loss: 0.3133 | Class Loss: 0.8462
2025-10-15 06:47:04 - __main__ - INFO - Val - SSIM: 0.8420 | PSNR: 23.52
2025-10-15 06:47:04 - __main__ - INFO - New best SSIM: 0.8420
2025-10-15 06:47:04 - trainers.esrgan_trainer - INFO - Saved best ESRGAN model
2025-10-15 06:47:04 - __main__ - INFO - 
==================================================
2025-10-15 06:47:04 - __main__ - INFO - Epoch 31/50
2025-10-15 06:47:04 - __main__ - INFO - ==================================================
2025-10-15 06:47:59 - __main__ - INFO - Train - G Loss: 1.5373 | D Loss: 0.3133 | Class Loss: 0.8344
2025-10-15 06:48:08 - __main__ - INFO - Val - SSIM: 0.8414 | PSNR: 23.59
2025-10-15 06:48:08 - __main__ - INFO - 
==================================================
2025-10-15 06:48:08 - __main__ - INFO - Epoch 32/50
2025-10-15 06:48:08 - __main__ - INFO - ==================================================
2025-10-15 06:49:03 - __main__ - INFO - Train - G Loss: 1.5403 | D Loss: 0.3133 | Class Loss: 0.8428
2025-10-15 06:49:12 - __main__ - INFO - Val - SSIM: 0.8359 | PSNR: 23.78
2025-10-15 06:49:12 - __main__ - INFO - 
==================================================
2025-10-15 06:49:12 - __main__ - INFO - Epoch 33/50
2025-10-15 06:49:12 - __main__ - INFO - ==================================================
2025-10-15 06:50:07 - __main__ - INFO - Train - G Loss: 1.5476 | D Loss: 0.3133 | Class Loss: 0.8697
2025-10-15 06:50:16 - __main__ - INFO - Val - SSIM: 0.8318 | PSNR: 23.42
2025-10-15 06:50:16 - __main__ - INFO - 
==================================================
2025-10-15 06:50:16 - __main__ - INFO - Epoch 34/50
2025-10-15 06:50:16 - __main__ - INFO - ==================================================
2025-10-15 06:51:11 - __main__ - INFO - Train - G Loss: 1.5375 | D Loss: 0.3133 | Class Loss: 0.8283
2025-10-15 06:51:20 - __main__ - INFO - Val - SSIM: 0.8443 | PSNR: 23.37
2025-10-15 06:51:20 - __main__ - INFO - New best SSIM: 0.8443
2025-10-15 06:51:20 - trainers.esrgan_trainer - INFO - Saved best ESRGAN model
2025-10-15 06:51:20 - __main__ - INFO - 
==================================================
2025-10-15 06:51:20 - __main__ - INFO - Epoch 35/50
2025-10-15 06:51:20 - __main__ - INFO - ==================================================
2025-10-15 06:52:15 - __main__ - INFO - Train - G Loss: 1.5393 | D Loss: 0.3133 | Class Loss: 0.8473
2025-10-15 06:52:24 - __main__ - INFO - Val - SSIM: 0.8449 | PSNR: 23.61
2025-10-15 06:52:24 - __main__ - INFO - New best SSIM: 0.8449
2025-10-15 06:52:25 - trainers.esrgan_trainer - INFO - Saved best ESRGAN model
2025-10-15 06:52:25 - __main__ - INFO - 
==================================================
2025-10-15 06:52:25 - __main__ - INFO - Epoch 36/50
2025-10-15 06:52:25 - __main__ - INFO - ==================================================
2025-10-15 06:53:19 - __main__ - INFO - Train - G Loss: 1.5414 | D Loss: 0.3133 | Class Loss: 0.8506
2025-10-15 06:53:28 - __main__ - INFO - Val - SSIM: 0.8455 | PSNR: 23.84
2025-10-15 06:53:28 - __main__ - INFO - New best SSIM: 0.8455
2025-10-15 06:53:29 - trainers.esrgan_trainer - INFO - Saved best ESRGAN model
2025-10-15 06:53:29 - __main__ - INFO - 
==================================================
2025-10-15 06:53:29 - __main__ - INFO - Epoch 37/50
2025-10-15 06:53:29 - __main__ - INFO - ==================================================
2025-10-15 06:54:24 - __main__ - INFO - Train - G Loss: 1.5368 | D Loss: 0.3133 | Class Loss: 0.8357
2025-10-15 06:54:32 - __main__ - INFO - Val - SSIM: 0.8392 | PSNR: 24.04
2025-10-15 06:54:33 - __main__ - INFO - 
==================================================
2025-10-15 06:54:33 - __main__ - INFO - Epoch 38/50
2025-10-15 06:54:33 - __main__ - INFO - ==================================================
2025-10-15 06:55:28 - __main__ - INFO - Train - G Loss: 1.5208 | D Loss: 0.3147 | Class Loss: 0.7719
2025-10-15 06:55:37 - __main__ - INFO - Val - SSIM: 0.8464 | PSNR: 23.84
2025-10-15 06:55:37 - __main__ - INFO - New best SSIM: 0.8464
2025-10-15 06:55:37 - trainers.esrgan_trainer - INFO - Saved best ESRGAN model
2025-10-15 06:55:37 - __main__ - INFO - 
==================================================
2025-10-15 06:55:37 - __main__ - INFO - Epoch 39/50
2025-10-15 06:55:37 - __main__ - INFO - ==================================================
2025-10-15 06:56:32 - __main__ - INFO - Train - G Loss: 1.5249 | D Loss: 0.3133 | Class Loss: 0.7856
2025-10-15 06:56:41 - __main__ - INFO - Val - SSIM: 0.8414 | PSNR: 23.78
2025-10-15 06:56:41 - __main__ - INFO - 
==================================================
2025-10-15 06:56:41 - __main__ - INFO - Epoch 40/50
2025-10-15 06:56:41 - __main__ - INFO - ==================================================
2025-10-15 06:57:36 - __main__ - INFO - Train - G Loss: 1.5275 | D Loss: 0.3133 | Class Loss: 0.7992
2025-10-15 06:57:45 - __main__ - INFO - Val - SSIM: 0.8452 | PSNR: 23.96
2025-10-15 06:57:45 - __main__ - INFO - 
==================================================
2025-10-15 06:57:45 - __main__ - INFO - Epoch 41/50
2025-10-15 06:57:45 - __main__ - INFO - ==================================================
2025-10-15 06:58:40 - __main__ - INFO - Train - G Loss: 1.5394 | D Loss: 0.3133 | Class Loss: 0.8515
2025-10-15 06:58:48 - __main__ - INFO - Val - SSIM: 0.8432 | PSNR: 23.81
2025-10-15 06:58:49 - __main__ - INFO - 
==================================================
2025-10-15 06:58:49 - __main__ - INFO - Epoch 42/50
2025-10-15 06:58:49 - __main__ - INFO - ==================================================
2025-10-15 06:59:44 - __main__ - INFO - Train - G Loss: 1.5189 | D Loss: 0.3133 | Class Loss: 0.7598
2025-10-15 06:59:52 - __main__ - INFO - Val - SSIM: 0.8465 | PSNR: 23.55
2025-10-15 06:59:52 - __main__ - INFO - New best SSIM: 0.8465
2025-10-15 06:59:53 - trainers.esrgan_trainer - INFO - Saved best ESRGAN model
2025-10-15 06:59:53 - __main__ - INFO - 
==================================================
2025-10-15 06:59:53 - __main__ - INFO - Epoch 43/50
2025-10-15 06:59:53 - __main__ - INFO - ==================================================
2025-10-15 07:00:48 - __main__ - INFO - Train - G Loss: 1.5435 | D Loss: 0.3133 | Class Loss: 0.8736
2025-10-15 07:00:57 - __main__ - INFO - Val - SSIM: 0.8443 | PSNR: 23.46
2025-10-15 07:00:57 - __main__ - INFO - 
==================================================
2025-10-15 07:00:57 - __main__ - INFO - Epoch 44/50
2025-10-15 07:00:57 - __main__ - INFO - ==================================================
2025-10-15 07:01:52 - __main__ - INFO - Train - G Loss: 1.5218 | D Loss: 0.3141 | Class Loss: 0.7762
2025-10-15 07:02:01 - __main__ - INFO - Val - SSIM: 0.8450 | PSNR: 23.64
2025-10-15 07:02:01 - __main__ - INFO - 
==================================================
2025-10-15 07:02:01 - __main__ - INFO - Epoch 45/50
2025-10-15 07:02:01 - __main__ - INFO - ==================================================
2025-10-15 07:02:56 - __main__ - INFO - Train - G Loss: 1.5236 | D Loss: 0.3133 | Class Loss: 0.7829
2025-10-15 07:03:05 - __main__ - INFO - Val - SSIM: 0.8464 | PSNR: 23.48
2025-10-15 07:03:05 - __main__ - INFO - 
==================================================
2025-10-15 07:03:05 - __main__ - INFO - Epoch 46/50
2025-10-15 07:03:05 - __main__ - INFO - ==================================================
2025-10-15 07:04:00 - __main__ - INFO - Train - G Loss: 1.5176 | D Loss: 0.3133 | Class Loss: 0.7580
2025-10-15 07:04:09 - __main__ - INFO - Val - SSIM: 0.8439 | PSNR: 23.83
2025-10-15 07:04:09 - trainers.base_trainer - INFO - Early stopping triggered after 10 epochs without improvement
2025-10-15 07:04:09 - __main__ - INFO - Early stopping triggered
2025-10-15 07:04:09 - __main__ - INFO - 
Training completed!
2025-10-15 07:04:09 - __main__ - INFO - Best SSIM: 0.8465
